$ [1mls[0m demo.png
[32mdemo.png[0m
$ kitty +kitten icat demo.png
Ptmux;_Ga=T,f=100,i=31337,q=2,m=1;iVBORw0KGgoAAAANSUhEUgAAABAAAAAQCAIAAACQkWg2AAACVElEQVR42h2SsWrUQRDGR40nl/MME0ISOGNgULwixxEGTgkkaQZi0hxXLAmxSCGMjaAWYSGIVYqxsRGLbSy02yLYL+gLLHmD9RH2FVb498Pwfb/vBwCAAATAAALgABTAAxhAAIgACSADFIAK0KA7R7xDeJfxnuCSw/uKPY8PDPsBlyMOEj7MOCz4qOJKw+450l2iJaaeUN/RQGnoacVoNdBapPVEm5lGhbYqbTfqoiDfI+4xLws\\Ptmux;_Gm=1;PHaPymucN41HgJ5Ep8bPM48I7laeNu+AoSyR9lqHIqpN1lZGXbZOnQcZRJkl2s8yK7FU5bNLVRHef3IAdilt37rE68u65uUlwHN3L5A6yk+KOq5s310FB7ZEOWddER05Jdex1ajoLuh9Vkp5kXRQ9q3rRtEOI/gH5FfYb4redf65+6v0L84fBH0U/T/40+4vi31b/vvkOOFqfbJVtJPbU2URt5u3Q7FWwRbTzZG+yvSt2We1zs24eDMsU1jg8kTB2gTXs+3BkYRHC6xg0hQ85XJVwXcPXFroxMQ\\Ptmux;_Gm=0;4ornMkiRMXX2oUH+cWz0PUGD+m+ClHK/FbjT9a7KbH9JDSJqdnknZdOtB04tOppTchfYjpU0pfcvpe0s+ablrqRME8pDziPJY8c1k0L3y+sPwu5KuYLeXvOf8q+XfNf1rutMLyiMoWlx0pe64caznz5a2Vy1CuY/mWys9cfpfyt5bbVjoJsa5Q3eY6lXro6lzrha/vrX4O9WusP1K9yfVPqbe1/mu1UxYbUiNuLE1cc9rUN2/NQguxxdRSbrm0Ulttrf0H0/E+dpXgBbwAAAAASUVORK5CYII=\\
$ Ptmux;_Ga=d,d=i,i=31337\\
$ exit
